components/AdminDashboard.tsx(45,34): error TS2339: Property 'env' does not exist on type 'ImportMeta'.
services/geminiService.ts(92,38): error TS2339: Property 'env' does not exist on type 'ImportMeta'.
services/storageService.ts(4,33): error TS2339: Property 'env' does not exist on type 'ImportMeta'.
services/storageService.ts(5,33): error TS2339: Property 'env' does not exist on type 'ImportMeta'.
src/App.tsx(3,31): error TS2307: Cannot find module './components/NodeComponent' or its corresponding type declarations.
src/App.tsx(4,29): error TS2307: Cannot find module './components/ContextMenu' or its corresponding type declarations.
src/App.tsx(5,28): error TS2307: Cannot find module './components/Connection' or its corresponding type declarations.
src/App.tsx(6,32): error TS2307: Cannot find module './components/GroupComponent' or its corresponding type declarations.
src/App.tsx(7,34): error TS2307: Cannot find module './components/SelectionToolbar' or its corresponding type declarations.
src/App.tsx(8,29): error TS2307: Cannot find module './components/ViewerModal' or its corresponding type declarations.
src/App.tsx(9,33): error TS2307: Cannot find module './components/WorkflowToolbar' or its corresponding type declarations.
src/App.tsx(10,29): error TS2307: Cannot find module './components/HistoryTray' or its corresponding type declarations.
src/App.tsx(11,36): error TS2307: Cannot find module './components/HistoryDetailModal' or its corresponding type declarations.
src/App.tsx(12,32): error TS2307: Cannot find module './components/SaveAssetModal' or its corresponding type declarations.
src/App.tsx(13,30): error TS2307: Cannot find module './components/AssetLibrary' or its corresponding type declarations.
src/App.tsx(14,191): error TS2307: Cannot find module './types' or its corresponding type declarations.
src/App.tsx(15,25): error TS2307: Cannot find module './services/geminiService' or its corresponding type declarations.
src/App.tsx(16,57): error TS2307: Cannot find module './constants' or its corresponding type declarations.
